============================= test session starts ==============================
platform darwin -- Python 3.13.5, pytest-9.0.3, pluggy-1.6.0 -- /Users/barathraj/Desktop/ERPREACT/tests/venv/bin/python3.13
cachedir: .pytest_cache
metadata: {'Python': '3.13.5', 'Platform': 'macOS-26.3.1-arm64-arm-64bit-Mach-O', 'Packages': {'pytest': '9.0.3', 'pluggy': '1.6.0'}, 'Plugins': {'metadata': '3.1.1', 'html': '4.2.0'}}
rootdir: /Users/barathraj/Desktop/ERPREACT
configfile: pytest.ini
plugins: metadata-3.1.1, html-4.2.0
collecting ... collected 1 item

tests/test_simple.py::test_simple PASSED                                 [100%]

- Generated html report: file:///Users/barathraj/Desktop/ERPREACT/tests/reports/report.html -
============================== 1 passed in 0.12s ===============================
